{
  "name": "Slip On Vans Classic Slip on black white checker/white 13.0",
  "price": "$81.76"
}