{
  "regular": null,
  "savings": null,
  "subtotal": "$6.60",
  "total": "$6.60"
}