{
  "accountActionLabel": "Log in",
  "heroTitle": "Sneaker hot drops",
  "locationActionLabel": "en / USD ($)"
}